// Jest Snapshot v1, https://goo.gl/fbAQLP

exports[
  `writing data with no query converts a JavaScript object to a query correctly arrays 1`
] = `
"query GeneratedClientQuery {
  number
  bool
  nested {
    bool2
    undef
    nullField
    str
  }
}
"
`;

exports[
  `writing data with no query converts a JavaScript object to a query correctly basic 1`
] = `
"query GeneratedClientQuery {
  number
  bool
  bool2
  undef
  nullField
  str
}
"
`;

exports[
  `writing data with no query converts a JavaScript object to a query correctly fragments 1`
] = `
"fragment GeneratedClientQuery on __FakeType {
  number
  bool
  nested {
    bool2
    undef
    nullField
    str
  }
}
"
`;

exports[
  `writing data with no query converts a JavaScript object to a query correctly nested 1`
] = `
"query GeneratedClientQuery {
  number
  bool
  nested {
    bool2
    undef
    nullField
    str
  }
}
"
`;
