// Jest Snapshot v1, https://goo.gl/fbAQLP

exports[
  `@connect should run a query with the connection directive and filter arguments and write the result to the correct store key 1`
] = `
Object {
  "ROOT_QUERY": Object {
    "abc({\\"order\\":\\"popularity\\"})": Array [
      Object {
        "generated": true,
        "id": "ROOT_QUERY.abc({\\"order\\":\\"popularity\\"}).0",
        "type": "id",
        "typename": "Book",
      },
    ],
  },
  "ROOT_QUERY.abc({\\"order\\":\\"popularity\\"}).0": Object {
    "__typename": "Book",
    "name": "abcd",
  },
}
`;

exports[
  `@connect should run a query with the connection directive and write the result to the store key defined in the directive 1`
] = `
Object {
  "ROOT_QUERY": Object {
    "abc": Array [
      Object {
        "generated": true,
        "id": "ROOT_QUERY.abc.0",
        "type": "id",
        "typename": "Book",
      },
    ],
  },
  "ROOT_QUERY.abc.0": Object {
    "__typename": "Book",
    "name": "abcd",
  },
}
`;
