// Jest Snapshot v1, https://goo.gl/fbAQLP

exports[`Combining client and server state/operations should correctly propagate an error from a client resolver 1`] = `"Network error: Illegal Query Operation Occurred"`;

exports[`Combining client and server state/operations should correctly propagate an error from a client resolver 2`] = `"Network error: Illegal Mutation Operation Occurred"`;
