// Jest Snapshot v1, https://goo.gl/fbAQLP

exports[`[queries] lifecycle handles asynchronous racecondition with prefilled data from the server 1`] = `
<div>
  <p>
     stub 
  </p>
</div>
`;
