// Jest Snapshot v1, https://goo.gl/fbAQLP

exports[`General use should allow querying with the typename 1`] = `
Object {
  "__typename": "User",
  "id": "user_id",
}
`;

exports[`General use should error if the query in the mock and component do not match 1`] = `
[Error: No more mocked responses for the query: query GetUser($username: String!) {
  user(username: $username) {
    id
    __typename
  }
}
, variables: {
	username: 'mock_username'
}]
`;

exports[`General use should error if the variables do not deep equal 1`] = `
[Error: No more mocked responses for the query: query GetUser($username: String!) {
  user(username: $username) {
    id
    __typename
  }
}
, variables: {
	username: 'some_user',
	age: 42
}]
`;

exports[`General use should error if the variables in the mock and component do not match 1`] = `
[Error: No more mocked responses for the query: query GetUser($username: String!) {
  user(username: $username) {
    id
    __typename
  }
}
, variables: {
	username: 'other_user'
}]
`;

exports[`General use should mock the data 1`] = `
Object {
  "__typename": "User",
  "id": "user_id",
}
`;

exports[`General use should not error if the variables match but have different order 1`] = `
Object {
  "user": Object {
    "__typename": "User",
    "id": "user_id",
  },
}
`;

exports[`General use should pipe exceptions thrown in custom onError functions through the link chain 1`] = `[Error: oh no!]`;

exports[`General use should return "Mocked response should contain" errors in response 1`] = `[Error: Mocked response should contain either result or error: {"query":"query GetUser($username: String!) {\\n  user(username: $username) {\\n    id\\n    __typename\\n  }\\n}\\n"}]`;

exports[`General use should return "No more mocked responses" errors in response 1`] = `
[Error: No more mocked responses for the query: query GetUser($username: String!) {
  user(username: $username) {
    id
    __typename
  }
}
, variables: {}]
`;

exports[`General use should support custom error handling using setOnError 1`] = `
[Error: No more mocked responses for the query: query GetUser($username: String!) {
  user(username: $username) {
    id
    __typename
  }
}
, variables: {
	username: 'mock_username'
}]
`;
