// Jest Snapshot v1, https://goo.gl/fbAQLP

exports[`real-life kitchen sink use case with prerender and \`useSuspenseQuery\` 1`] = `"<!DOCTYPE html><html><head><meta charSet=\\"utf-8\\"/><meta name=\\"viewport\\" content=\\"width=device-width, initial-scale=1\\"/><link rel=\\"preload\\" as=\\"script\\" fetchPriority=\\"low\\" href=\\"/main.js\\"/><title>My app</title><link rel=\\"stylesheet\\" href=\\"/styles.css\\"/></head><body><!--$--><div><p>Hello <!-- -->world<!-- -->!</p><p>My name is <!-- -->Apollo<!-- -->!</p><p>Current time is <!-- -->2025-03-26T14:40:53.118Z<!-- -->!</p></div><!--/$--><script>window.__APOLLO_CLIENT_INIT__ = {\\"ROOT_QUERY\\":{\\"__typename\\":\\"Query\\",\\"hello\\":\\"world\\",\\"whoami\\":{\\"name\\":\\"Apollo\\"},\\"currentTime\\":\\"2025-03-26T14:40:53.118Z\\"}}</script><script src=\\"/main.js\\" async=\\"\\"></script></body></html>"`;

exports[`real-life kitchen sink use case with prerender and \`useSuspenseQuery\` 2`] = `
Object {
  "ROOT_QUERY": Object {
    "__typename": "Query",
    "currentTime": "2025-03-26T14:40:53.118Z",
    "hello": "world",
    "whoami": Object {
      "name": "Apollo",
    },
  },
}
`;

exports[`real-life kitchen sink use case with prerenderToNodeStream and \`useSuspenseQuery\` 1`] = `"<!DOCTYPE html><html><head><meta charSet=\\"utf-8\\"/><meta name=\\"viewport\\" content=\\"width=device-width, initial-scale=1\\"/><link rel=\\"preload\\" as=\\"script\\" fetchPriority=\\"low\\" href=\\"/main.js\\"/><title>My app</title><link rel=\\"stylesheet\\" href=\\"/styles.css\\"/></head><body><!--$--><div><p>Hello <!-- -->world<!-- -->!</p><p>My name is <!-- -->Apollo<!-- -->!</p><p>Current time is <!-- -->2025-03-26T14:40:53.118Z<!-- -->!</p></div><!--/$--><script>window.__APOLLO_CLIENT_INIT__ = {\\"ROOT_QUERY\\":{\\"__typename\\":\\"Query\\",\\"hello\\":\\"world\\",\\"whoami\\":{\\"name\\":\\"Apollo\\"},\\"currentTime\\":\\"2025-03-26T14:40:53.118Z\\"}}</script><script src=\\"/main.js\\" async=\\"\\"></script></body></html>"`;

exports[`real-life kitchen sink use case with prerenderToNodeStream and \`useSuspenseQuery\` 2`] = `
Object {
  "ROOT_QUERY": Object {
    "__typename": "Query",
    "currentTime": "2025-03-26T14:40:53.118Z",
    "hello": "world",
    "whoami": Object {
      "name": "Apollo",
    },
  },
}
`;

exports[`renderToStaticMarkup: AbortSignal times out during render - stops rerendering, returns partial result 1`] = `"<div><p>Hello world!</p><p>My name is Apollo!</p><div>loading...</div></div>"`;

exports[`renderToString: AbortSignal times out during render - stops rerendering, returns partial result 1`] = `"<div><p>Hello <!-- -->world<!-- -->!</p><p>My name is <!-- -->Apollo<!-- -->!</p><div>loading...</div></div>"`;
