// Jest Snapshot v1, https://goo.gl/fbAQLP

exports[`Query component calls the children prop: result in render prop 1`] = `
Object {
  "called": true,
  "data": Object {
    "allPeople": Object {
      "people": Array [
        Object {
          "name": "Luke Skywalker",
        },
      ],
    },
  },
  "loading": false,
  "networkStatus": 7,
  "variables": Object {},
}
`;

exports[`Query component calls the children prop: result in render prop while loading 1`] = `
Object {
  "called": true,
  "data": undefined,
  "error": undefined,
  "fetchMore": [Function],
  "loading": true,
  "networkStatus": 1,
  "previousData": undefined,
  "refetch": [Function],
  "startPolling": [Function],
  "stopPolling": [Function],
  "subscribeToMore": [Function],
  "updateQuery": [Function],
  "variables": Object {},
}
`;
